\BOOKMARK [1][-]{section.1}{Introduction}{}% 1
\BOOKMARK [2][-]{subsection.1.1}{Key Concepts: Feasibility vs. Interpretability}{section.1}% 2
\BOOKMARK [1][-]{section.2}{Literature Review}{}% 3
\BOOKMARK [2][-]{subsection.2.1}{Deep-Learning Advances in Macroeconomic Forecasting}{section.2}% 4
\BOOKMARK [2][-]{subsection.2.2}{Nonlinearity and Regularization in ML Forecasting}{section.2}% 5
\BOOKMARK [2][-]{subsection.2.3}{Automating Forecasting with ML Techniques}{section.2}% 6
\BOOKMARK [2][-]{subsection.2.4}{ML Applications in China's GDP Forecasting}{section.2}% 7
\BOOKMARK [2][-]{subsection.2.5}{Synthesis and Implications for Current Research}{section.2}% 8
\BOOKMARK [1][-]{section.3}{Data and Methods}{}% 9
\BOOKMARK [2][-]{subsection.3.1}{Data Source}{section.3}% 10
\BOOKMARK [2][-]{subsection.3.2}{Data Preprocessing}{section.3}% 11
\BOOKMARK [2][-]{subsection.3.3}{Machine Learning Models}{section.3}% 12
\BOOKMARK [2][-]{subsection.3.4}{Experimental Setup}{section.3}% 13
\BOOKMARK [1][-]{section.4}{Cross-Indicator Forecasting}{}% 14
\BOOKMARK [2][-]{subsection.4.1}{Prediction Task}{section.4}% 15
\BOOKMARK [2][-]{subsection.4.2}{Prediction Results}{section.4}% 16
\BOOKMARK [2][-]{subsection.4.3}{Hyperparameter Tuning}{section.4}% 17
\BOOKMARK [2][-]{subsection.4.4}{Summary}{section.4}% 18
\BOOKMARK [1][-]{section.5}{Country-Level Time Series Forecasting}{}% 19
\BOOKMARK [2][-]{subsection.5.1}{Dataset and Feature Construction}{section.5}% 20
\BOOKMARK [2][-]{subsection.5.2}{Models and Design Logic}{section.5}% 21
\BOOKMARK [2][-]{subsection.5.3}{Model Comparison}{section.5}% 22
\BOOKMARK [2][-]{subsection.5.4}{Case Study: G7 and EU}{section.5}% 23
\BOOKMARK [2][-]{subsection.5.5}{Case Study: BRICS-5}{section.5}% 24
\BOOKMARK [1][-]{section.6}{Latent-Structure Ridge Model for Multi-Country Economic Forecasting}{}% 25
\BOOKMARK [2][-]{subsection.6.1}{Model Motivation and Setup}{section.6}% 26
\BOOKMARK [2][-]{subsection.6.2}{Estimation, Tuning, and Evaluation under Shared Cross-Country Influence}{section.6}% 27
\BOOKMARK [1][-]{section.7}{Experimental Limitations}{}% 28
\BOOKMARK [1][-]{section.8}{Summary and Future Work}{}% 29
\BOOKMARK [2][-]{subsection.8.1}{Key Findings}{section.8}% 30
\BOOKMARK [2][-]{subsection.8.2}{Next Steps}{section.8}% 31
